// Jest Snapshot v1, https://goo.gl/fbAQLP

exports[`test on Games.js create a snapshot of the component 1`] = `
<ul>
  <ListGames
    games={Array []}
  />
</ul>
`;
